// Jest Snapshot v1, https://goo.gl/fbAQLP

exports[`Link changes the class when hovered 1`] = `
<h1
  className="question"
>
  http://www.facebook.com
</h1>
`;
