// Jest Snapshot v1, https://goo.gl/fbAQLP

exports[`it should renders the dropdown list 1`] = `
ShallowWrapper {
  Symbol(enzyme.__root__): [Circular],
  Symbol(enzyme.__unrendered__): <Dropdown
    onChange={[MockFunction]}
    options={
      Array [
        Object {
          "name": "name1",
          "value": "value1",
        },
      ]
    }
    value="value1"
  />,
  Symbol(enzyme.__renderer__): Object {
    "batchedUpdates": [Function],
    "checkPropTypes": [Function],
    "getNode": [Function],
    "render": [Function],
    "simulateError": [Function],
    "simulateEvent": [Function],
    "unmount": [Function],
  },
  Symbol(enzyme.__node__): Object {
    "instance": null,
    "key": undefined,
    "nodeType": "host",
    "props": Object {
      "children": Array [
        <option
          value=""
        >
          Please choose an option
        </option>,
        Array [
          <option
            value="value1"
          >
            name1
          </option>,
        ],
      ],
      "onChange": [MockFunction],
      "value": "value1",
    },
    "ref": null,
    "rendered": Array [
      Object {
        "instance": null,
        "key": undefined,
        "nodeType": "host",
        "props": Object {
          "children": "Please choose an option",
          "value": "",
        },
        "ref": null,
        "rendered": "Please choose an option",
        "type": "option",
      },
      Object {
        "instance": null,
        "key": "value1",
        "nodeType": "host",
        "props": Object {
          "children": "name1",
          "value": "value1",
        },
        "ref": null,
        "rendered": "name1",
        "type": "option",
      },
    ],
    "type": "select",
  },
  Symbol(enzyme.__nodes__): Array [
    Object {
      "instance": null,
      "key": undefined,
      "nodeType": "host",
      "props": Object {
        "children": Array [
          <option
            value=""
          >
            Please choose an option
          </option>,
          Array [
            <option
              value="value1"
            >
              name1
            </option>,
          ],
        ],
        "onChange": [MockFunction],
        "value": "value1",
      },
      "ref": null,
      "rendered": Array [
        Object {
          "instance": null,
          "key": undefined,
          "nodeType": "host",
          "props": Object {
            "children": "Please choose an option",
            "value": "",
          },
          "ref": null,
          "rendered": "Please choose an option",
          "type": "option",
        },
        Object {
          "instance": null,
          "key": "value1",
          "nodeType": "host",
          "props": Object {
            "children": "name1",
            "value": "value1",
          },
          "ref": null,
          "rendered": "name1",
          "type": "option",
        },
      ],
      "type": "select",
    },
  ],
  Symbol(enzyme.__options__): Object {
    "adapter": ReactSixteenAdapter {
      "options": Object {
        "enableComponentDidUpdateOnSetState": true,
        "legacyContextMode": "parent",
        "lifecycles": Object {
          "componentDidUpdate": Object {
            "onSetState": true,
          },
          "getChildContext": Object {
            "calledByRenderer": false,
          },
          "getDerivedStateFromProps": true,
          "getSnapshotBeforeUpdate": true,
          "setState": Object {
            "skipsComponentDidUpdateOnNullish": true,
          },
        },
      },
    },
  },
}
`;
