// Jest Snapshot v1, https://goo.gl/fbAQLP

exports[`it should render textArea component with the provided props 1`] = `
<textarea
  className="text-area"
  onChange={[Function]}
  placeholder="please enter your feedback"
  value="my answer"
/>
`;
