// Jest Snapshot v1, https://goo.gl/fbAQLP

exports[`it should renders the radio options 1`] = `
ShallowWrapper {
  Symbol(enzyme.__root__): [Circular],
  Symbol(enzyme.__unrendered__): <RadioGroup
    name="productSurvey"
    onClick={[MockFunction]}
    options={
      Array [
        Object {
          "name": "name1",
          "value": "value1",
        },
      ]
    }
    selectedValue="value1"
    value="value1"
  />,
  Symbol(enzyme.__renderer__): Object {
    "batchedUpdates": [Function],
    "checkPropTypes": [Function],
    "getNode": [Function],
    "render": [Function],
    "simulateError": [Function],
    "simulateEvent": [Function],
    "unmount": [Function],
  },
  Symbol(enzyme.__node__): Object {
    "instance": null,
    "key": undefined,
    "nodeType": "host",
    "props": Object {
      "children": Array [
        <RadioOption
          defaultChecked={true}
          label="name1"
          name="productSurvey"
          onClick={[MockFunction]}
          value="value1"
        />,
      ],
      "className": "radio-group",
    },
    "ref": null,
    "rendered": Array [
      Object {
        "instance": null,
        "key": "value1",
        "nodeType": "function",
        "props": Object {
          "defaultChecked": true,
          "label": "name1",
          "name": "productSurvey",
          "onClick": [MockFunction],
          "value": "value1",
        },
        "ref": null,
        "rendered": null,
        "type": [Function],
      },
    ],
    "type": "div",
  },
  Symbol(enzyme.__nodes__): Array [
    Object {
      "instance": null,
      "key": undefined,
      "nodeType": "host",
      "props": Object {
        "children": Array [
          <RadioOption
            defaultChecked={true}
            label="name1"
            name="productSurvey"
            onClick={[MockFunction]}
            value="value1"
          />,
        ],
        "className": "radio-group",
      },
      "ref": null,
      "rendered": Array [
        Object {
          "instance": null,
          "key": "value1",
          "nodeType": "function",
          "props": Object {
            "defaultChecked": true,
            "label": "name1",
            "name": "productSurvey",
            "onClick": [MockFunction],
            "value": "value1",
          },
          "ref": null,
          "rendered": null,
          "type": [Function],
        },
      ],
      "type": "div",
    },
  ],
  Symbol(enzyme.__options__): Object {
    "adapter": ReactSixteenAdapter {
      "options": Object {
        "enableComponentDidUpdateOnSetState": true,
        "legacyContextMode": "parent",
        "lifecycles": Object {
          "componentDidUpdate": Object {
            "onSetState": true,
          },
          "getChildContext": Object {
            "calledByRenderer": false,
          },
          "getDerivedStateFromProps": true,
          "getSnapshotBeforeUpdate": true,
          "setState": Object {
            "skipsComponentDidUpdateOnNullish": true,
          },
        },
      },
    },
  },
}
`;
